2026-W04: QmVQLBhctyesEYdASRKM8FawoZ4U493HMW5f16yFL2QLKe
2026-W05: QmZSGXW5hhzyYCbUQTZ9dQVPZfzJtf8KfjT9Ysz9U9o9rs
2026-W06: QmcTb2oBsdGT7U7dv4x4cNj2VqAVMkgWpjhF6VyKQhqpGJ
2026-W07: QmUC6JchmSRVSVp5ZQpFA5RVpPamZB1zYy6PCo7bawd23J
2026-W08: QmQM4dqAzzGPrX1dajEe3Ntu1xwBgb4vf8ntyLczgyRZWH
2026-W09: QmVbpeykrXf3HTTFn2t3mzxSRQCVM484EDQJmFSgLsTRdK
2026-W10: QmV6C1tw4rvVJcZ2UrJNdXJs8hGKGqVMNQgZtAKSdm12u8
2026-W11: QmTQcGGC1J1SQEDmPrfGvKJS1PWLYF4q35WjgnK6k4994Z
2026-W12: QmewBzybnBYSNPv1owzJJM4wSHQuPSBujJruoTSq4yuGY5
2026-W13: QmR8RyPRBcghoLhwdNC7XED5nyeLiPMp6ax4cqG3dqigQA
2026-W14: QmSPWB8qPwkuZfVZkNrTB2Yi82w98uahwMTfCy21bKDor4
2026-W15: QmQP8QRQnu2iGaejvQMe3jD8e1P37XWbycyrbmqkKg3Q2G
2026-W16: QmRJanB6KZRpv4KtUKx8QeXvM7EFQxQuxpif6dSeNzrm8L
2026-W17: QmS4kCsjg2kphxAs7cAnDrqyftfHsqrXdqt2WTYV88uki8
2026-W18: QmaXbp73Ne2rmK7JwvRoKRigwHXG7HoutSzsHqzwkmMzkt
2026-W19: QmPXwSjirWye9GEVT3Mjs7HkkCSERvgxxUQg7adWsDKQap
2026-W20: Qmacq53Vua5MMLZToYxdXr3fgJwZLDY3otASEazgAQvoAU
2026-W21: QmSfmypr1nKUVBCjL8p5wP7Te14HvFu2iFtKReSvJFNmoG
2026-W22: QmZXdU7BwCWXCL44nQnGqwCSM6gmEWjnYtshzc4PFn6Dwu
2026-W23: QmSvwmSJCq7WvKkjHKWfzLDTHAVFHoxqJVG8dU1KwGfs9a
2026-W24: QmVrtQwhY4rpj2U6pwpDqnqExeNyeizeeobF8PVqNBGsFY
